// Jest Snapshot v1, https://goo.gl/fbAQLP

exports[`ProductTitle Should have render the component properly with the title 1`] = `
<span
  className="productDescription custom-class"
>
  Custom Product
</span>
`;

exports[`ProductTitle Should render the component with the name of the product 1`] = `
<div
  className="productCard undefined"
>
  <span
    className="productDescription undefined"
  >
    Product title 1
  </span>
</div>
`;
